sakdoksdka
